<html>
<body>
<pre>
<h1>µVision Build Log</h1>
<h2>Project:</h2>
C:\Users\Lenovo\Desktop\LPC2129_External_Interrupts\Ext_INTs.uvproj
Project File Date:  01/05/2023

<h2>Output:</h2>
Rebuild target 'Target 1'
assembling Startup.s...
compiling External_Interrupts.c...
compiling main_eint0_interrupt.c...
compiling arduino_api.c...
compiling lcd_arduino_api.c...
compiling gpio.c...
compiling delay.c...
linking...
Program Size: Code=4828 RO-data=16 RW-data=0 ZI-data=1256  
".\Ext_INTs.axf" - 0 Error(s), 0 Warning(s).
..
compiling gpio.c...
compiling delay.c...
linking...
Program Size: Code=4812 RO-data=16 RW-data=0 ZI-data=1256  
".\Ext_INTs.axf" - 0 Error(s), 1 Warning(s).
0_interrupt.c...
compiling arduino_api.c...
compiling lcd_arduino_api.c...
compiling gpio.c...
compiling delay.c...
".\Ext_INTs.axf" - 1 Error(s), 2 Warning(s).
Target not created

Finished: 1 information, 0 warning and 5 error messages.
".\Ext_INTs.axf" - 5 Error(s), 0 Warning(s).
Target not created
