<html>
<body>
<pre>
<h1>µVision Build Log</h1>
<h2>Project:</h2>
D:\Git\PROJECTS\SPI\VECTOR PROJECT\sample.uvproj
Project File Date:  12/14/2023

<h2>Output:</h2>
Rebuild target 'Target 1'
assembling Startup.s...
compiling mcp3204.c...
compiling delay.c...
compiling gpio.c...
compiling arduino_api.c...
compiling lcd_arduino_api.c...
compiling lm35.c...
compiling spi_arduino_api.c...
compiling External_Interrupts.c...
compiling main_eint0_interrupt.c...
linking...
Program Size: Code=4888 RO-data=16 RW-data=0 ZI-data=1256  
FromELF: creating hex file...
".\MCP3204.axf" - 0 Error(s), 0 Warning(s).
3204_lm35_lcd_test.c...
compiling spi_arduino_api.c...
compiling External_Interrupts.c...
compiling main_eint0_interrupt.c...
linking...
.\MCP3204.axf: Error: L6200E: Symbol __ARM_use_no_argv multiply defined (by main_mcp3204_lcd_test.o and main_mcp3204_leds.o).
.\MCP3204.axf: Error: L6200E: Symbol __ARM_use_no_argv multiply defined (by main_mcp3204_lm35_lcd_test.o and main_mcp3204_leds.o).
.\MCP3204.axf: Error: L6200E: Symbol __ARM_use_no_argv multiply defined (by main_eint0_interrupt.o and main_mcp3204_leds.o).
.\MCP3204.axf: Error: L6200E: Symbol main multiply defined (by main_mcp3204_lcd_test.o and main_mcp3204_leds.o).
.\MCP3204.axf: Error: L6200E: Symbol main multiply defined (by main_mcp3204_lm35_lcd_test.o and main_mcp3204_leds.o).
.\MCP3204.axf: Error: L6200E: Symbol main multiply defined (by main_eint0_interrupt.o and main_mcp3204_leds.o).
Not enough information to list image symbols.
Not enough information to list the image map.
Finished: 2 information, 0 warning and 6 error messages.
".\MCP3204.axf" - 6 Error(s), 1 Warning(s).
Target not created
compiling External_Interrupts.c...
"External_Interrupts.c" - 0 Error(s), 0 Warning(s).
