<html>
<body>
<pre>
<h1>µVision Build Log</h1>
<h2>Project:</h2>
C:\Keil4ARM\FAST_TRACK_ARM\07092021\sample.uvproj
Project File Date:  09/07/2021

<h2>Output:</h2>
Rebuild target 'Target 1'
assembling Startup.s...
compiling main.c...
compiling spi.c...
spi.c(19): warning:  #550-D: variable "stat" was set but never used
     u8 stat;
spi.c: 1 warning, 0 errors
compiling mcp3204.c...
linking...
Program Size: Code=3572 RO-data=16 RW-data=0 ZI-data=1256  
FromELF: creating hex file...
".\OnChipSPI.axf" - 0 Error(s), 1 Warning(s).
g...
.\OnChipSPI.axf: Error: L6218E: Undefined symbol InitSPI0 (referred from main.o).
Not enough information to list image symbols.
Finished: 1 information, 0 warning and 1 error messages.
".\OnChipSPI.axf" - 1 Error(s), 2 Warning(s).
Target not created
