<html>
<body>
<pre>
<h1>µVision Build Log</h1>
<h2>Project:</h2>
C:\Keil4_ARM\LPC2129 Schedule 2\FAST_TRACK_ARM\LPC2129_SPI_BITBANGING_ADC_MCP3204\sample.uvproj
Project File Date:  11/24/2022

<h2>Output:</h2>
Rebuild target 'Target 1'
assembling Startup.s...
compiling mcp3204.c...
compiling delay.c...
compiling main_MCP3204_LEDs.c...
linking...
Program Size: Code=4088 RO-data=32 RW-data=8 ZI-data=1256  
FromELF: creating hex file...
".\MCP3204.axf" - 0 Error(s), 0 Warning(s).
</pre>
</body>
</html>
