<html>
<body>
<pre>
<h1>µVision Build Log</h1>
<h2>Project:</h2>
C:\Keil4ARM\FAST_TRACK_ARM\07092021\sample.uvproj
Project File Date:  09/07/2021

<h2>Output:</h2>
Rebuild target 'Target 1'
assembling Startup.s...
compiling main.c...
compiling spi.c...
spi.c(21): warning:  #550-D: variable "stat" was set but never used
         u8 stat;
spi.c: 1 warning, 0 errors
compiling mcp3204.c...
linking...
Program Size: Code=3400 RO-data=16 RW-data=0 ZI-data=1256  
FromELF: creating hex file...
".\OnChipSPI_Test.axf" - 0 Error(s), 1 Warning(s).
t created
warning and 1 error messages.
".\OnChipSPI_Test.axf" - 1 Error(s), 1 Warning(s).
Target not created
ing(s).
Target not created
            IOPIN0|=bLED;  
main.c(35): error:  #20: identifier "IOPIN0" is undefined
                         IOPIN0|=rLED|gLED|bLED;                                 
main.c: 1 warning, 5 errors
compiling spi.c...
spi.c(21): warning:  #550-D: variable "stat" was set but never used
         u8 stat;
spi.c: 1 warning, 0 errors
compiling mcp3204.c...
mcp3204.c(10): error:  #20: identifier "CS" is undefined
    IOCLR0=CS;  //select/activate chip 
mcp3204.c: 0 warnings, 1 error
".\sample.axf" - 6 Error(s), 2 Warning(s).
Target not created
